// Jest Snapshot v1, https://goo.gl/fbAQLP

exports[`rendering should render content as describe in the component 1`] = `
<div
  className="notfound"
>
  <div
    className="blueBlock"
  >
    <p>
       
      <em>
        Sorry 
      </em>
    </p>
  </div>
  <p>
     Page not Found 
  </p>
  <p>
    If you think you have arrived here by our mistake
  </p>
  <p>
     please contact us via Â 
    <a
      href="mailto:okwudiri.okoro@andela.com?Subject=User%20Feedback"
      target="_top"
    >
      mail
    </a>
  </p>
</div>
`;
