// Jest Snapshot v1, https://goo.gl/fbAQLP

exports[`Article component rendering dom should render content as describe in the component 1`] = `
<div
  className="col s12 m12 l12  hoverable"
>
  <div
    className="article-content"
  >
    <h6
      className="header"
    >
      <span
        className="paragraphstyle"
      >
        Abhimanyu Ghoshal:  
        Facebook launches Express Wi-Fi in India to bre
      </span>
    </h6>
    <div
      className="card horizontal"
    >
      <div
        className="card-image"
      >
        <img
          alt="No news image"
          className="imgStyle"
          src="https: //cdn2.tnwcdn.com/wp-content/blogs.dir/1/files/2017/05/Facebook-Express-Wi-Fi.jpg"
        />
      </div>
      <div
        className="card-stacked"
      >
        <div
          className="card-content"
        >
          <p
            className="paragraphstyle"
          >
            After a failed effort to offer free internet acces.
          </p>
        </div>
        <div
          className="card-action"
        >
          <p>
            Published on 
          </p>
          <a
            href="https: //thenextweb.com/facebook/2017/05/04/facebook-launches-express-wi-fi-in-india-to-bring-rural-areas-online/"
            rel="noopener noreferrer"
            target="_blank"
          >
            Read on  bbc 
          </a>
          <button
            className="waves-effect waves-light"
            onClick={[Function]}
            title="view full story"
            value={0}
          >
             Read more
          </button>
          <button
            className="waves-effect waves-light"
            id="btnAddToFav"
            onClick={[Function]}
            title="Add to favourite"
            value={0}
          >
            Add to favourite
          </button>
          <div
            className="col m12"
            style={
              Object {
                "paddingLeft": "0px",
                "paddingTop": "10px",
              }
            }
          >
            <div
              className="col m2"
              style={
                Object {
                  "paddingLeft": "0px",
                }
              }
            >
              <div
                className="SocialMediaShareButton SocialMediaShareButton--facebook"
                onClick={[Function]}
                style={Object {}}
              >
                <div
                  style={
                    Object {
                      "height": 32,
                      "width": 32,
                    }
                  }
                >
                  <svg
                    className="social-icon social-icon--facebook "
                    fill="white"
                    height={32}
                    viewBox="0 0 64 64"
                    width={32}
                  >
                    <g>
                      <circle
                        cx="32"
                        cy="32"
                        fill="#3b5998"
                        r="31"
                        style={Object {}}
                      />
                    </g>
                    <g>
                      <path
                        d="M34.1,47V33.3h4.6l0.7-5.3h-5.3v-3.4c0-1.5,0.4-2.6,2.6-2.6l2.8,0v-4.8c-0.5-0.1-2.2-0.2-4.1-0.2 c-4.1,0-6.9,2.5-6.9,7V28H24v5.3h4.6V47H34.1z"
                      />
                    </g>
                  </svg>
                </div>
              </div>
            </div>
            <div
              className="col m2"
              style={
                Object {
                  "paddingLeft": "0px",
                }
              }
            >
              <div
                className="SocialMediaShareButton SocialMediaShareButton--linkedin"
                onClick={[Function]}
                style={Object {}}
              >
                <div
                  style={
                    Object {
                      "height": 32,
                      "width": 32,
                    }
                  }
                >
                  <svg
                    className="social-icon social-icon--linkedin "
                    fill="white"
                    height={32}
                    viewBox="0 0 64 64"
                    width={32}
                  >
                    <g>
                      <circle
                        cx="32"
                        cy="32"
                        fill="#007fb1"
                        r="31"
                        style={Object {}}
                      />
                    </g>
                    <g>
                      <path
                        d="M20.4,44h5.4V26.6h-5.4V44z M23.1,18c-1.7,0-3.1,1.4-3.1,3.1c0,1.7,1.4,3.1,3.1,3.1 c1.7,0,3.1-1.4,3.1-3.1C26.2,19.4,24.8,18,23.1,18z M39.5,26.2c-2.6,0-4.4,1.4-5.1,2.8h-0.1v-2.4h-5.2V44h5.4v-8.6 c0-2.3,0.4-4.5,3.2-4.5c2.8,0,2.8,2.6,2.8,4.6V44H46v-9.5C46,29.8,45,26.2,39.5,26.2z"
                      />
                    </g>
                  </svg>
                </div>
              </div>
            </div>
            <div
              className="col m2"
              style={
                Object {
                  "paddingLeft": "0px",
                }
              }
            >
              <div
                className="SocialMediaShareButton SocialMediaShareButton--twitter"
                onClick={[Function]}
                style={Object {}}
              >
                <div
                  style={
                    Object {
                      "height": 32,
                      "width": 32,
                    }
                  }
                >
                  <svg
                    className="social-icon social-icon--twitter "
                    fill="white"
                    height={32}
                    viewBox="0 0 64 64"
                    width={32}
                  >
                    <g>
                      <circle
                        cx="32"
                        cy="32"
                        fill="#00aced"
                        r="31"
                        style={Object {}}
                      />
                    </g>
                    <g>
                      <path
                        d="M48,22.1c-1.2,0.5-2.4,0.9-3.8,1c1.4-0.8,2.4-2.1,2.9-3.6c-1.3,0.8-2.7,1.3-4.2,1.6 C41.7,19.8,40,19,38.2,19c-3.6,0-6.6,2.9-6.6,6.6c0,0.5,0.1,1,0.2,1.5c-5.5-0.3-10.3-2.9-13.5-6.9c-0.6,1-0.9,2.1-0.9,3.3 c0,2.3,1.2,4.3,2.9,5.5c-1.1,0-2.1-0.3-3-0.8c0,0,0,0.1,0,0.1c0,3.2,2.3,5.8,5.3,6.4c-0.6,0.1-1.1,0.2-1.7,0.2c-0.4,0-0.8,0-1.2-0.1 c0.8,2.6,3.3,4.5,6.1,4.6c-2.2,1.8-5.1,2.8-8.2,2.8c-0.5,0-1.1,0-1.6-0.1c2.9,1.9,6.4,2.9,10.1,2.9c12.1,0,18.7-10,18.7-18.7 c0-0.3,0-0.6,0-0.8C46,24.5,47.1,23.4,48,22.1z"
                      />
                    </g>
                  </svg>
                </div>
              </div>
            </div>
            <div
              className="col m2"
              style={
                Object {
                  "paddingLeft": "0px",
                }
              }
            >
              <div
                className="SocialMediaShareButton SocialMediaShareButton--googlePlus"
                onClick={[Function]}
                style={Object {}}
              >
                <div
                  style={
                    Object {
                      "height": 32,
                      "width": 32,
                    }
                  }
                >
                  <svg
                    className="social-icon social-icon--google "
                    fill="white"
                    height={32}
                    viewBox="0 0 64 64"
                    width={32}
                  >
                    <g>
                      <circle
                        cx="32"
                        cy="32"
                        fill="#dd4b39"
                        r="31"
                        style={Object {}}
                      />
                    </g>
                    <g>
                      <path
                        d="M25.3,30.1v3.8h6.3c-0.3,1.6-1.9,4.8-6.3,4.8c-3.8,0-6.9-3.1-6.9-7s3.1-7,6.9-7c2.2,0,3.6,0.9,4.4,1.7l3-2.9c-1.9-1.8-4.4-2.9-7.4-2.9c-6.1,0-11.1,5-11.1,11.1s5,11.1,11.1,11.1c6.4,0,10.7-4.5,10.7-10.9c0-0.7-0.1-1.3-0.2-1.8H25.3L25.3,30.1z M49.8,28.9h-3.2v-3.2h-3.2v3.2h-3.2v3.2h3.2v3.2h3.2v-3.2h3.2"
                      />
                    </g>
                  </svg>
                </div>
              </div>
            </div>
          </div>
        </div>
      </div>
    </div>
  </div>
</div>
`;
