// Jest Snapshot v1, https://goo.gl/fbAQLP

exports[`rendering should render content as describe in the component 1`] = `<sources />`;
