// Jest Snapshot v1, https://goo.gl/fbAQLP

exports[`rendering should render content as describe in the component 1`] = `
<div
  className="tip"
>
  <div
    className="tipHeading"
  >
    <p>
       
      <em>
        Welcome to Complete news
      </em>
    </p>
  </div>
  <p>
     You have more than 500 articles in your palm 
  </p>
  <p>
    Login to store interesting articles to your dashboard
  </p>
  <p>
     To begin 
  </p>
  <p>
     Select a source from the source panel 
  </p>
  <p>
     ‚Üê 
  </p>
</div>
`;
