<!doctype html>
<html lang="en">
<head>
    <title>Code coverage report for js/__tests__/component_test/__snapshots__/Article.test.jsx.snap</title>
    <meta charset="utf-8" />
    <link rel="stylesheet" href="../../../../prettify.css" />
    <link rel="stylesheet" href="../../../../base.css" />
    <meta name="viewport" content="width=device-width, initial-scale=1">
    <style type='text/css'>
        .coverage-summary .sorter {
            background-image: url(../../../../sort-arrow-sprite.png);
        }
    </style>
</head>
<body>
<div class='wrapper'>
  <div class='pad1'>
    <h1>
      <a href="../../../../index.html">All files</a> / <a href="index.html">js/__tests__/component_test/__snapshots__</a> Article.test.jsx.snap
    </h1>
    <div class='clearfix'>
      <div class='fl pad1y space-right2'>
        <span class="strong">0% </span>
        <span class="quiet">Statements</span>
        <span class='fraction'>0/1</span>
      </div>
      <div class='fl pad1y space-right2'>
        <span class="strong">100% </span>
        <span class="quiet">Branches</span>
        <span class='fraction'>0/0</span>
      </div>
      <div class='fl pad1y space-right2'>
        <span class="strong">100% </span>
        <span class="quiet">Functions</span>
        <span class='fraction'>0/0</span>
      </div>
      <div class='fl pad1y space-right2'>
        <span class="strong">0% </span>
        <span class="quiet">Lines</span>
        <span class='fraction'>0/1</span>
      </div>
    </div>
  </div>
  <div class='status-line low'></div>
<pre><table class="coverage">
<tr><td class="line-count quiet">1
2
3
4
5
6
7
8
9
10
11
12
13
14
15
16
17
18
19
20
21
22
23
24
25
26
27
28
29
30
31
32
33
34
35
36
37
38
39
40
41
42
43
44
45
46
47
48
49
50
51
52
53
54
55
56
57
58
59
60
61
62
63
64
65
66
67
68
69
70
71
72
73
74
75
76
77
78
79
80
81
82
83
84
85
86
87
88
89
90
91
92
93
94
95
96
97
98
99
100
101
102
103
104
105
106
107
108
109
110
111
112
113
114
115
116
117
118
119
120
121
122
123
124
125
126
127
128
129
130
131
132
133
134
135
136
137
138
139
140
141
142
143
144
145
146
147
148
149
150
151
152
153
154
155
156
157
158
159
160
161
162
163
164
165
166
167
168
169
170
171
172
173
174
175
176
177
178
179
180
181
182
183
184
185
186
187
188
189
190
191
192
193
194
195
196
197
198
199
200
201
202
203
204
205
206
207
208
209
210
211
212
213
214
215
216
217
218
219
220
221
222
223
224
225
226
227
228
229
230
231
232
233
234
235
236
237
238
239
240
241
242
243
244
245
246
247
248
249
250
251
252
253
254
255
256
257
258</td><td class="line-coverage quiet"><span class="cline-any cline-neutral">&nbsp;</span>
<span class="cline-any cline-neutral">&nbsp;</span>
<span class="cline-any cline-no">&nbsp;</span>
<span class="cline-any cline-neutral">&nbsp;</span>
<span class="cline-any cline-neutral">&nbsp;</span>
<span class="cline-any cline-neutral">&nbsp;</span>
<span class="cline-any cline-neutral">&nbsp;</span>
<span class="cline-any cline-neutral">&nbsp;</span>
<span class="cline-any cline-neutral">&nbsp;</span>
<span class="cline-any cline-neutral">&nbsp;</span>
<span class="cline-any cline-neutral">&nbsp;</span>
<span class="cline-any cline-neutral">&nbsp;</span>
<span class="cline-any cline-neutral">&nbsp;</span>
<span class="cline-any cline-neutral">&nbsp;</span>
<span class="cline-any cline-neutral">&nbsp;</span>
<span class="cline-any cline-neutral">&nbsp;</span>
<span class="cline-any cline-neutral">&nbsp;</span>
<span class="cline-any cline-neutral">&nbsp;</span>
<span class="cline-any cline-neutral">&nbsp;</span>
<span class="cline-any cline-neutral">&nbsp;</span>
<span class="cline-any cline-neutral">&nbsp;</span>
<span class="cline-any cline-neutral">&nbsp;</span>
<span class="cline-any cline-neutral">&nbsp;</span>
<span class="cline-any cline-neutral">&nbsp;</span>
<span class="cline-any cline-neutral">&nbsp;</span>
<span class="cline-any cline-neutral">&nbsp;</span>
<span class="cline-any cline-neutral">&nbsp;</span>
<span class="cline-any cline-neutral">&nbsp;</span>
<span class="cline-any cline-neutral">&nbsp;</span>
<span class="cline-any cline-neutral">&nbsp;</span>
<span class="cline-any cline-neutral">&nbsp;</span>
<span class="cline-any cline-neutral">&nbsp;</span>
<span class="cline-any cline-neutral">&nbsp;</span>
<span class="cline-any cline-neutral">&nbsp;</span>
<span class="cline-any cline-neutral">&nbsp;</span>
<span class="cline-any cline-neutral">&nbsp;</span>
<span class="cline-any cline-neutral">&nbsp;</span>
<span class="cline-any cline-neutral">&nbsp;</span>
<span class="cline-any cline-neutral">&nbsp;</span>
<span class="cline-any cline-neutral">&nbsp;</span>
<span class="cline-any cline-neutral">&nbsp;</span>
<span class="cline-any cline-neutral">&nbsp;</span>
<span class="cline-any cline-neutral">&nbsp;</span>
<span class="cline-any cline-neutral">&nbsp;</span>
<span class="cline-any cline-neutral">&nbsp;</span>
<span class="cline-any cline-neutral">&nbsp;</span>
<span class="cline-any cline-neutral">&nbsp;</span>
<span class="cline-any cline-neutral">&nbsp;</span>
<span class="cline-any cline-neutral">&nbsp;</span>
<span class="cline-any cline-neutral">&nbsp;</span>
<span class="cline-any cline-neutral">&nbsp;</span>
<span class="cline-any cline-neutral">&nbsp;</span>
<span class="cline-any cline-neutral">&nbsp;</span>
<span class="cline-any cline-neutral">&nbsp;</span>
<span class="cline-any cline-neutral">&nbsp;</span>
<span class="cline-any cline-neutral">&nbsp;</span>
<span class="cline-any cline-neutral">&nbsp;</span>
<span class="cline-any cline-neutral">&nbsp;</span>
<span class="cline-any cline-neutral">&nbsp;</span>
<span class="cline-any cline-neutral">&nbsp;</span>
<span class="cline-any cline-neutral">&nbsp;</span>
<span class="cline-any cline-neutral">&nbsp;</span>
<span class="cline-any cline-neutral">&nbsp;</span>
<span class="cline-any cline-neutral">&nbsp;</span>
<span class="cline-any cline-neutral">&nbsp;</span>
<span class="cline-any cline-neutral">&nbsp;</span>
<span class="cline-any cline-neutral">&nbsp;</span>
<span class="cline-any cline-neutral">&nbsp;</span>
<span class="cline-any cline-neutral">&nbsp;</span>
<span class="cline-any cline-neutral">&nbsp;</span>
<span class="cline-any cline-neutral">&nbsp;</span>
<span class="cline-any cline-neutral">&nbsp;</span>
<span class="cline-any cline-neutral">&nbsp;</span>
<span class="cline-any cline-neutral">&nbsp;</span>
<span class="cline-any cline-neutral">&nbsp;</span>
<span class="cline-any cline-neutral">&nbsp;</span>
<span class="cline-any cline-neutral">&nbsp;</span>
<span class="cline-any cline-neutral">&nbsp;</span>
<span class="cline-any cline-neutral">&nbsp;</span>
<span class="cline-any cline-neutral">&nbsp;</span>
<span class="cline-any cline-neutral">&nbsp;</span>
<span class="cline-any cline-neutral">&nbsp;</span>
<span class="cline-any cline-neutral">&nbsp;</span>
<span class="cline-any cline-neutral">&nbsp;</span>
<span class="cline-any cline-neutral">&nbsp;</span>
<span class="cline-any cline-neutral">&nbsp;</span>
<span class="cline-any cline-neutral">&nbsp;</span>
<span class="cline-any cline-neutral">&nbsp;</span>
<span class="cline-any cline-neutral">&nbsp;</span>
<span class="cline-any cline-neutral">&nbsp;</span>
<span class="cline-any cline-neutral">&nbsp;</span>
<span class="cline-any cline-neutral">&nbsp;</span>
<span class="cline-any cline-neutral">&nbsp;</span>
<span class="cline-any cline-neutral">&nbsp;</span>
<span class="cline-any cline-neutral">&nbsp;</span>
<span class="cline-any cline-neutral">&nbsp;</span>
<span class="cline-any cline-neutral">&nbsp;</span>
<span class="cline-any cline-neutral">&nbsp;</span>
<span class="cline-any cline-neutral">&nbsp;</span>
<span class="cline-any cline-neutral">&nbsp;</span>
<span class="cline-any cline-neutral">&nbsp;</span>
<span class="cline-any cline-neutral">&nbsp;</span>
<span class="cline-any cline-neutral">&nbsp;</span>
<span class="cline-any cline-neutral">&nbsp;</span>
<span class="cline-any cline-neutral">&nbsp;</span>
<span class="cline-any cline-neutral">&nbsp;</span>
<span class="cline-any cline-neutral">&nbsp;</span>
<span class="cline-any cline-neutral">&nbsp;</span>
<span class="cline-any cline-neutral">&nbsp;</span>
<span class="cline-any cline-neutral">&nbsp;</span>
<span class="cline-any cline-neutral">&nbsp;</span>
<span class="cline-any cline-neutral">&nbsp;</span>
<span class="cline-any cline-neutral">&nbsp;</span>
<span class="cline-any cline-neutral">&nbsp;</span>
<span class="cline-any cline-neutral">&nbsp;</span>
<span class="cline-any cline-neutral">&nbsp;</span>
<span class="cline-any cline-neutral">&nbsp;</span>
<span class="cline-any cline-neutral">&nbsp;</span>
<span class="cline-any cline-neutral">&nbsp;</span>
<span class="cline-any cline-neutral">&nbsp;</span>
<span class="cline-any cline-neutral">&nbsp;</span>
<span class="cline-any cline-neutral">&nbsp;</span>
<span class="cline-any cline-neutral">&nbsp;</span>
<span class="cline-any cline-neutral">&nbsp;</span>
<span class="cline-any cline-neutral">&nbsp;</span>
<span class="cline-any cline-neutral">&nbsp;</span>
<span class="cline-any cline-neutral">&nbsp;</span>
<span class="cline-any cline-neutral">&nbsp;</span>
<span class="cline-any cline-neutral">&nbsp;</span>
<span class="cline-any cline-neutral">&nbsp;</span>
<span class="cline-any cline-neutral">&nbsp;</span>
<span class="cline-any cline-neutral">&nbsp;</span>
<span class="cline-any cline-neutral">&nbsp;</span>
<span class="cline-any cline-neutral">&nbsp;</span>
<span class="cline-any cline-neutral">&nbsp;</span>
<span class="cline-any cline-neutral">&nbsp;</span>
<span class="cline-any cline-neutral">&nbsp;</span>
<span class="cline-any cline-neutral">&nbsp;</span>
<span class="cline-any cline-neutral">&nbsp;</span>
<span class="cline-any cline-neutral">&nbsp;</span>
<span class="cline-any cline-neutral">&nbsp;</span>
<span class="cline-any cline-neutral">&nbsp;</span>
<span class="cline-any cline-neutral">&nbsp;</span>
<span class="cline-any cline-neutral">&nbsp;</span>
<span class="cline-any cline-neutral">&nbsp;</span>
<span class="cline-any cline-neutral">&nbsp;</span>
<span class="cline-any cline-neutral">&nbsp;</span>
<span class="cline-any cline-neutral">&nbsp;</span>
<span class="cline-any cline-neutral">&nbsp;</span>
<span class="cline-any cline-neutral">&nbsp;</span>
<span class="cline-any cline-neutral">&nbsp;</span>
<span class="cline-any cline-neutral">&nbsp;</span>
<span class="cline-any cline-neutral">&nbsp;</span>
<span class="cline-any cline-neutral">&nbsp;</span>
<span class="cline-any cline-neutral">&nbsp;</span>
<span class="cline-any cline-neutral">&nbsp;</span>
<span class="cline-any cline-neutral">&nbsp;</span>
<span class="cline-any cline-neutral">&nbsp;</span>
<span class="cline-any cline-neutral">&nbsp;</span>
<span class="cline-any cline-neutral">&nbsp;</span>
<span class="cline-any cline-neutral">&nbsp;</span>
<span class="cline-any cline-neutral">&nbsp;</span>
<span class="cline-any cline-neutral">&nbsp;</span>
<span class="cline-any cline-neutral">&nbsp;</span>
<span class="cline-any cline-neutral">&nbsp;</span>
<span class="cline-any cline-neutral">&nbsp;</span>
<span class="cline-any cline-neutral">&nbsp;</span>
<span class="cline-any cline-neutral">&nbsp;</span>
<span class="cline-any cline-neutral">&nbsp;</span>
<span class="cline-any cline-neutral">&nbsp;</span>
<span class="cline-any cline-neutral">&nbsp;</span>
<span class="cline-any cline-neutral">&nbsp;</span>
<span class="cline-any cline-neutral">&nbsp;</span>
<span class="cline-any cline-neutral">&nbsp;</span>
<span class="cline-any cline-neutral">&nbsp;</span>
<span class="cline-any cline-neutral">&nbsp;</span>
<span class="cline-any cline-neutral">&nbsp;</span>
<span class="cline-any cline-neutral">&nbsp;</span>
<span class="cline-any cline-neutral">&nbsp;</span>
<span class="cline-any cline-neutral">&nbsp;</span>
<span class="cline-any cline-neutral">&nbsp;</span>
<span class="cline-any cline-neutral">&nbsp;</span>
<span class="cline-any cline-neutral">&nbsp;</span>
<span class="cline-any cline-neutral">&nbsp;</span>
<span class="cline-any cline-neutral">&nbsp;</span>
<span class="cline-any cline-neutral">&nbsp;</span>
<span class="cline-any cline-neutral">&nbsp;</span>
<span class="cline-any cline-neutral">&nbsp;</span>
<span class="cline-any cline-neutral">&nbsp;</span>
<span class="cline-any cline-neutral">&nbsp;</span>
<span class="cline-any cline-neutral">&nbsp;</span>
<span class="cline-any cline-neutral">&nbsp;</span>
<span class="cline-any cline-neutral">&nbsp;</span>
<span class="cline-any cline-neutral">&nbsp;</span>
<span class="cline-any cline-neutral">&nbsp;</span>
<span class="cline-any cline-neutral">&nbsp;</span>
<span class="cline-any cline-neutral">&nbsp;</span>
<span class="cline-any cline-neutral">&nbsp;</span>
<span class="cline-any cline-neutral">&nbsp;</span>
<span class="cline-any cline-neutral">&nbsp;</span>
<span class="cline-any cline-neutral">&nbsp;</span>
<span class="cline-any cline-neutral">&nbsp;</span>
<span class="cline-any cline-neutral">&nbsp;</span>
<span class="cline-any cline-neutral">&nbsp;</span>
<span class="cline-any cline-neutral">&nbsp;</span>
<span class="cline-any cline-neutral">&nbsp;</span>
<span class="cline-any cline-neutral">&nbsp;</span>
<span class="cline-any cline-neutral">&nbsp;</span>
<span class="cline-any cline-neutral">&nbsp;</span>
<span class="cline-any cline-neutral">&nbsp;</span>
<span class="cline-any cline-neutral">&nbsp;</span>
<span class="cline-any cline-neutral">&nbsp;</span>
<span class="cline-any cline-neutral">&nbsp;</span>
<span class="cline-any cline-neutral">&nbsp;</span>
<span class="cline-any cline-neutral">&nbsp;</span>
<span class="cline-any cline-neutral">&nbsp;</span>
<span class="cline-any cline-neutral">&nbsp;</span>
<span class="cline-any cline-neutral">&nbsp;</span>
<span class="cline-any cline-neutral">&nbsp;</span>
<span class="cline-any cline-neutral">&nbsp;</span>
<span class="cline-any cline-neutral">&nbsp;</span>
<span class="cline-any cline-neutral">&nbsp;</span>
<span class="cline-any cline-neutral">&nbsp;</span>
<span class="cline-any cline-neutral">&nbsp;</span>
<span class="cline-any cline-neutral">&nbsp;</span>
<span class="cline-any cline-neutral">&nbsp;</span>
<span class="cline-any cline-neutral">&nbsp;</span>
<span class="cline-any cline-neutral">&nbsp;</span>
<span class="cline-any cline-neutral">&nbsp;</span>
<span class="cline-any cline-neutral">&nbsp;</span>
<span class="cline-any cline-neutral">&nbsp;</span>
<span class="cline-any cline-neutral">&nbsp;</span>
<span class="cline-any cline-neutral">&nbsp;</span>
<span class="cline-any cline-neutral">&nbsp;</span>
<span class="cline-any cline-neutral">&nbsp;</span>
<span class="cline-any cline-neutral">&nbsp;</span>
<span class="cline-any cline-neutral">&nbsp;</span>
<span class="cline-any cline-neutral">&nbsp;</span>
<span class="cline-any cline-neutral">&nbsp;</span>
<span class="cline-any cline-neutral">&nbsp;</span>
<span class="cline-any cline-neutral">&nbsp;</span>
<span class="cline-any cline-neutral">&nbsp;</span>
<span class="cline-any cline-neutral">&nbsp;</span>
<span class="cline-any cline-neutral">&nbsp;</span>
<span class="cline-any cline-neutral">&nbsp;</span>
<span class="cline-any cline-neutral">&nbsp;</span>
<span class="cline-any cline-neutral">&nbsp;</span>
<span class="cline-any cline-neutral">&nbsp;</span>
<span class="cline-any cline-neutral">&nbsp;</span>
<span class="cline-any cline-neutral">&nbsp;</span>
<span class="cline-any cline-neutral">&nbsp;</span>
<span class="cline-any cline-neutral">&nbsp;</span>
<span class="cline-any cline-neutral">&nbsp;</span>
<span class="cline-any cline-neutral">&nbsp;</span>
<span class="cline-any cline-neutral">&nbsp;</span>
<span class="cline-any cline-neutral">&nbsp;</span>
<span class="cline-any cline-neutral">&nbsp;</span>
<span class="cline-any cline-neutral">&nbsp;</span></td><td class="text"><pre class="prettyprint lang-js">// Jest Snapshot v1, https://goo.gl/fbAQLP
&nbsp;
<span class="cstat-no" title="statement not covered" >exports[`Component render the article template 1`] = `</span>
&lt;div
  className="col s12 m7 l12  hoverable"
&gt;
  &lt;h6
    className="header"
  &gt;
    &lt;span
      className={
        Object {
          "width": "80%",
        }
      }
    &gt;
      celestine:  
      My story
    &lt;/span&gt;
  &lt;/h6&gt;
  &lt;div
    className="card horizontal"
  &gt;
    &lt;div
      className="card-image"
    &gt;
      &lt;img
        alt="No news image"
        className={
          Object {
            "height": "40%",
            "width": "80%",
          }
        }
        src="test.jpg"
      /&gt;
    &lt;/div&gt;
    &lt;div
      className="card-stacked"
    &gt;
      &lt;div
        className="card-content"
      &gt;
        &lt;p
          className={
            Object {
              "width": "80%",
            }
          }
        &gt;
          
        &lt;/p&gt;
      &lt;/div&gt;
      &lt;div
        className="card-action"
      &gt;
        &lt;p&gt;
          Published on  
        &lt;/p&gt;
        &lt;a
          href="http://localhost"
          rel="noopener noreferrer"
          target="_blank"
        &gt;
          Read on  BBC 
        &lt;/a&gt;
        &lt;button
          className="btn-floating btn-small waves-effect waves-light red 
                          "
          onClick={[Function]}
          title="Add to favourite"
          value={1}
        &gt;
          &lt;i
            className="material-icons"
            value={1}
          &gt;
            +
          &lt;/i&gt;
        &lt;/button&gt;
        &lt;div
          className="container"
        &gt;
          &lt;div
            className="Row"
          &gt;
            &lt;div
              className="col m2"
            &gt;
              &lt;div
                className="SocialMediaShareButton SocialMediaShareButton--facebook"
                onClick={[Function]}
                style={Object {}}
              &gt;
                &lt;div
                  style={
                    Object {
                      "height": 32,
                      "width": 32,
                    }
                  }
                &gt;
                  &lt;svg
                    className="social-icon social-icon--facebook "
                    fill="white"
                    height={32}
                    viewBox="0 0 64 64"
                    width={32}
                  &gt;
                    &lt;g&gt;
                      &lt;circle
                        cx="32"
                        cy="32"
                        fill="#3b5998"
                        r="31"
                        style={Object {}}
                      /&gt;
                    &lt;/g&gt;
                    &lt;g&gt;
                      &lt;path
                        d="M34.1,47V33.3h4.6l0.7-5.3h-5.3v-3.4c0-1.5,0.4-2.6,2.6-2.6l2.8,0v-4.8c-0.5-0.1-2.2-0.2-4.1-0.2 c-4.1,0-6.9,2.5-6.9,7V28H24v5.3h4.6V47H34.1z"
                      /&gt;
                    &lt;/g&gt;
                  &lt;/svg&gt;
                &lt;/div&gt;
              &lt;/div&gt;
            &lt;/div&gt;
            &lt;div
              className="col m2"
            &gt;
              &lt;div
                className="SocialMediaShareButton SocialMediaShareButton--linkedin"
                onClick={[Function]}
                style={Object {}}
              &gt;
                &lt;div
                  style={
                    Object {
                      "height": 32,
                      "width": 32,
                    }
                  }
                &gt;
                  &lt;svg
                    className="social-icon social-icon--linkedin "
                    fill="white"
                    height={32}
                    viewBox="0 0 64 64"
                    width={32}
                  &gt;
                    &lt;g&gt;
                      &lt;circle
                        cx="32"
                        cy="32"
                        fill="#007fb1"
                        r="31"
                        style={Object {}}
                      /&gt;
                    &lt;/g&gt;
                    &lt;g&gt;
                      &lt;path
                        d="M20.4,44h5.4V26.6h-5.4V44z M23.1,18c-1.7,0-3.1,1.4-3.1,3.1c0,1.7,1.4,3.1,3.1,3.1 c1.7,0,3.1-1.4,3.1-3.1C26.2,19.4,24.8,18,23.1,18z M39.5,26.2c-2.6,0-4.4,1.4-5.1,2.8h-0.1v-2.4h-5.2V44h5.4v-8.6 c0-2.3,0.4-4.5,3.2-4.5c2.8,0,2.8,2.6,2.8,4.6V44H46v-9.5C46,29.8,45,26.2,39.5,26.2z"
                      /&gt;
                    &lt;/g&gt;
                  &lt;/svg&gt;
                &lt;/div&gt;
              &lt;/div&gt;
            &lt;/div&gt;
            &lt;div
              className="col m2"
            &gt;
              &lt;div
                className="SocialMediaShareButton SocialMediaShareButton--twitter"
                onClick={[Function]}
                style={Object {}}
              &gt;
                &lt;div
                  style={
                    Object {
                      "height": 32,
                      "width": 32,
                    }
                  }
                &gt;
                  &lt;svg
                    className="social-icon social-icon--twitter "
                    fill="white"
                    height={32}
                    viewBox="0 0 64 64"
                    width={32}
                  &gt;
                    &lt;g&gt;
                      &lt;circle
                        cx="32"
                        cy="32"
                        fill="#00aced"
                        r="31"
                        style={Object {}}
                      /&gt;
                    &lt;/g&gt;
                    &lt;g&gt;
                      &lt;path
                        d="M48,22.1c-1.2,0.5-2.4,0.9-3.8,1c1.4-0.8,2.4-2.1,2.9-3.6c-1.3,0.8-2.7,1.3-4.2,1.6 C41.7,19.8,40,19,38.2,19c-3.6,0-6.6,2.9-6.6,6.6c0,0.5,0.1,1,0.2,1.5c-5.5-0.3-10.3-2.9-13.5-6.9c-0.6,1-0.9,2.1-0.9,3.3 c0,2.3,1.2,4.3,2.9,5.5c-1.1,0-2.1-0.3-3-0.8c0,0,0,0.1,0,0.1c0,3.2,2.3,5.8,5.3,6.4c-0.6,0.1-1.1,0.2-1.7,0.2c-0.4,0-0.8,0-1.2-0.1 c0.8,2.6,3.3,4.5,6.1,4.6c-2.2,1.8-5.1,2.8-8.2,2.8c-0.5,0-1.1,0-1.6-0.1c2.9,1.9,6.4,2.9,10.1,2.9c12.1,0,18.7-10,18.7-18.7 c0-0.3,0-0.6,0-0.8C46,24.5,47.1,23.4,48,22.1z"
                      /&gt;
                    &lt;/g&gt;
                  &lt;/svg&gt;
                &lt;/div&gt;
              &lt;/div&gt;
            &lt;/div&gt;
            &lt;div
              className="col m2"
            &gt;
              &lt;div
                className="SocialMediaShareButton SocialMediaShareButton--googlePlus"
                onClick={[Function]}
                style={Object {}}
              &gt;
                &lt;div
                  style={
                    Object {
                      "height": 32,
                      "width": 32,
                    }
                  }
                &gt;
                  &lt;svg
                    className="social-icon social-icon--google "
                    fill="white"
                    height={32}
                    viewBox="0 0 64 64"
                    width={32}
                  &gt;
                    &lt;g&gt;
                      &lt;circle
                        cx="32"
                        cy="32"
                        fill="#dd4b39"
                        r="31"
                        style={Object {}}
                      /&gt;
                    &lt;/g&gt;
                    &lt;g&gt;
                      &lt;path
                        d="M25.3,30.1v3.8h6.3c-0.3,1.6-1.9,4.8-6.3,4.8c-3.8,0-6.9-3.1-6.9-7s3.1-7,6.9-7c2.2,0,3.6,0.9,4.4,1.7l3-2.9c-1.9-1.8-4.4-2.9-7.4-2.9c-6.1,0-11.1,5-11.1,11.1s5,11.1,11.1,11.1c6.4,0,10.7-4.5,10.7-10.9c0-0.7-0.1-1.3-0.2-1.8H25.3L25.3,30.1z M49.8,28.9h-3.2v-3.2h-3.2v3.2h-3.2v3.2h3.2v3.2h3.2v-3.2h3.2"
                      /&gt;
                    &lt;/g&gt;
                  &lt;/svg&gt;
                &lt;/div&gt;
              &lt;/div&gt;
            &lt;/div&gt;
          &lt;/div&gt;
        &lt;/div&gt;
      &lt;/div&gt;
    &lt;/div&gt;
  &lt;/div&gt;
&lt;/div&gt;
`;
&nbsp;</pre></td></tr>
</table></pre>
<div class='push'></div><!-- for sticky footer -->
</div><!-- /wrapper -->
<div class='footer quiet pad2 space-top1 center small'>
  Code coverage
  generated by <a href="https://istanbul.js.org/" target="_blank">istanbul</a> at Fri May 12 2017 12:42:21 GMT+0100 (WAT)
</div>
</div>
<script src="../../../../prettify.js"></script>
<script>
window.onload = function () {
        if (typeof prettyPrint === 'function') {
            prettyPrint();
        }
};
</script>
<script src="../../../../sorter.js"></script>
</body>
</html>
